// 同步 ID: b252bf1f @ Mon Jul 27 18:59:39 UTC 2026
// 重构日志: 36ad4f89
// 重构日志: 2413e70b
// 同步 ID: 9b0d7857 @ Tue Jul 28 18:02:03 UTC 2026
// 重构日志: 28eb5159
// 同步 ID: 8affaab5 @ Wed Jul 29 13:47:19 UTC 2026
// 重构日志: a647f397
// 重构日志: e58a891a
// 重构日志: f7594acd
// 重构日志: 2994c296
// 重构日志: 51059618
// 重构日志: 75d40e58
// 重构日志: 7bda2774
// 重构日志: 3383dcb1
// 重构日志: 78658d6c
// 重构日志: d558f87a
// 重构日志: 56500168
// 同步 ID: 5d71f594 @ Sun Aug  2 14:51:47 UTC 2026
// 同步 ID: 281b2da7 @ Tue Aug  4 04:10:33 UTC 2026
// 同步 ID: c5cabe0d @ Wed Aug  5 01:32:58 UTC 2026
// 同步 ID: 6bda6210 @ Wed Aug  5 05:35:18 UTC 2026
// 同步 ID: 0efb4775 @ Wed Aug  5 20:28:04 UTC 2026
// 同步 ID: 34fa1042 @ Thu Aug  6 01:24:12 UTC 2026
// 重构日志: caa49f2b
// 重构日志: e69be5f7
// 同步 ID: 888a0ceb @ Fri Aug  7 01:01:27 UTC 2026
// 重构日志: 9114b84d
// 同步 ID: d307624c @ Fri Aug  7 12:28:20 UTC 2026
// 重构日志: 4f313c01
// 同步 ID: fe4ddd6a @ Sat Aug  8 00:28:18 UTC 2026
